// Jest Snapshot v1, https://goo.gl/fbAQLP

exports[`La view de ProductList 1) Renderiza 1`] = `
<DocumentFragment>
  <ul>
    <li>
      <h5>
        Motorola
      </h5>
      <a
        href="https://www.mercadolibre.com.ar/moto-g31-128-gb-azul-cielo-4-gb-ram/p/MLA18726251"
      >
        <img
          alt="Motorola"
          class=""
          decoding="async"
          src="http://http2.mlstatic.com/D_695973-MLA49129434222_022022-I.jpg"
        />
      </a>
      <p />
    </li>
  </ul>
</DocumentFragment>
`;
